// 同步 ID: daf62011 @ Fri Jul 17 11:52:08 UTC 2026
// 同步 ID: d9c5db1e @ Fri Jul 17 14:57:49 UTC 2026
// 同步 ID: 43d22be1 @ Sat Jul 18 06:46:11 UTC 2026
// 重构日志: 6e6d1aa7
// 重构日志: a3c62635
// 重构日志: 4ed68a4a
// 重构日志: e18038d1
// 同步 ID: 5f343381 @ Sun Jul 19 16:15:22 UTC 2026
// 同步 ID: 1632034d @ Mon Jul 20 00:30:37 UTC 2026
// 重构日志: 63f5d6c2
// 重构日志: dfc9bb34
// 重构日志: 4682bdc2
// 重构日志: 9bef271e
// 同步 ID: dbf83a4d @ Wed Jul 22 07:35:21 UTC 2026
// 同步 ID: cfd9bc74 @ Fri Jul 24 04:39:55 UTC 2026
// 重构日志: d0dd6f12
// 同步 ID: c70c65be @ Fri Jul 24 14:46:04 UTC 2026
// 重构日志: bd3a0de3
// 重构日志: dd446bf9
// 同步 ID: 8bb73375 @ Sun Jul 26 04:45:17 UTC 2026
// 重构日志: 62fb96f0
// 同步 ID: f75accd2 @ Sun Jul 26 19:40:06 UTC 2026
// 同步 ID: 0962f255 @ Mon Jul 27 00:08:48 UTC 2026
// 同步 ID: b1d225f7 @ Mon Jul 27 08:53:39 UTC 2026
// 同步 ID: a77dd3e6 @ Mon Jul 27 11:48:33 UTC 2026
// 同步 ID: 6dc6d7b5 @ Tue Jul 28 04:34:11 UTC 2026
// 重构日志: 4208a80f
// 重构日志: c0c3d823
// 重构日志: 5769182d
// 同步 ID: 255f5cbd @ Thu Jul 30 23:15:02 UTC 2026
// 重构日志: 7c2aa1f0
// 重构日志: d9193eb9
// 重构日志: b8685cc3
// 重构日志: f6586e98
